<?xml version="1.0"?>
<testsuite name="Chrome 128.0.0.0 (Windows 10)" package="unit" timestamp="2025-01-02T15:27:18" id="0" hostname="Acer" tests="4" errors="0" failures="0" time="0.111">
  <properties>
    <property name="browser.fullName" value="Mozilla/5.0 (Windows NT 10.0; Win64; x64) AppleWebKit/537.36 (KHTML, like Gecko) Chrome/128.0.0.0 Safari/537.36"/>
  </properties>
  <testcase name="AppComponent Initially should display the domain list only" time="0.052" classname=".AppComponent Initially"/>
  <testcase name="AppComponent When the domain list is loaded should display all domains" time="0.01" classname=".AppComponent When the domain list is loaded"/>
  <testcase name="AppComponent When a details link is clicked should should display the appropriate domain details" time="0.044" classname=".AppComponent When a details link is clicked"/>
  <testcase name="AppComponent When the path is not correct should display the domain list" time="0.005" classname=".AppComponent When the path is not correct"/>
  <system-out>
    <![CDATA[Chrome 128.0.0.0 (Windows 10) WARN: 'Warning: the currency pipe has been changed in Angular v5. The symbolDisplay option (third parameter) is now a string instead of a boolean. The accepted values are "code", "symbol" or "symbol-narrow".'
,Chrome 128.0.0.0 (Windows 10) WARN: 'Warning: the currency pipe has been changed in Angular v5. The symbolDisplay option (third parameter) is now a string instead of a boolean. The accepted values are "code", "symbol" or "symbol-narrow".'
,Chrome 128.0.0.0 (Windows 10) WARN: 'Warning: the currency pipe has been changed in Angular v5. The symbolDisplay option (third parameter) is now a string instead of a boolean. The accepted values are "code", "symbol" or "symbol-narrow".'
,Chrome 128.0.0.0 (Windows 10) WARN: 'Warning: the currency pipe has been changed in Angular v5. The symbolDisplay option (third parameter) is now a string instead of a boolean. The accepted values are "code", "symbol" or "symbol-narrow".'
,Chrome 128.0.0.0 (Windows 10) WARN: 'Warning: the currency pipe has been changed in Angular v5. The symbolDisplay option (third parameter) is now a string instead of a boolean. The accepted values are "code", "symbol" or "symbol-narrow".'
,Chrome 128.0.0.0 (Windows 10) WARN: 'Warning: the currency pipe has been changed in Angular v5. The symbolDisplay option (third parameter) is now a string instead of a boolean. The accepted values are "code", "symbol" or "symbol-narrow".'
,Chrome 128.0.0.0 (Windows 10) WARN: 'Warning: the currency pipe has been changed in Angular v5. The symbolDisplay option (third parameter) is now a string instead of a boolean. The accepted values are "code", "symbol" or "symbol-narrow".'
,Chrome 128.0.0.0 (Windows 10) WARN: 'Warning: the currency pipe has been changed in Angular v5. The symbolDisplay option (third parameter) is now a string instead of a boolean. The accepted values are "code", "symbol" or "symbol-narrow".'
,Chrome 128.0.0.0 (Windows 10) WARN: 'Warning: the currency pipe has been changed in Angular v5. The symbolDisplay option (third parameter) is now a string instead of a boolean. The accepted values are "code", "symbol" or "symbol-narrow".'
,Chrome 128.0.0.0 (Windows 10) WARN: 'Warning: the currency pipe has been changed in Angular v5. The symbolDisplay option (third parameter) is now a string instead of a boolean. The accepted values are "code", "symbol" or "symbol-narrow".'
,Chrome 128.0.0.0 (Windows 10) WARN: 'Warning: the currency pipe has been changed in Angular v5. The symbolDisplay option (third parameter) is now a string instead of a boolean. The accepted values are "code", "symbol" or "symbol-narrow".'
,Chrome 128.0.0.0 (Windows 10) WARN: 'Warning: the currency pipe has been changed in Angular v5. The symbolDisplay option (third parameter) is now a string instead of a boolean. The accepted values are "code", "symbol" or "symbol-narrow".'
,Chrome 128.0.0.0 (Windows 10) WARN: 'Warning: the currency pipe has been changed in Angular v5. The symbolDisplay option (third parameter) is now a string instead of a boolean. The accepted values are "code", "symbol" or "symbol-narrow".'
,Chrome 128.0.0.0 (Windows 10) WARN: 'Warning: the currency pipe has been changed in Angular v5. The symbolDisplay option (third parameter) is now a string instead of a boolean. The accepted values are "code", "symbol" or "symbol-narrow".'
,Chrome 128.0.0.0 (Windows 10) WARN: 'Warning: the currency pipe has been changed in Angular v5. The symbolDisplay option (third parameter) is now a string instead of a boolean. The accepted values are "code", "symbol" or "symbol-narrow".'
,Chrome 128.0.0.0 (Windows 10) WARN: 'Warning: the currency pipe has been changed in Angular v5. The symbolDisplay option (third parameter) is now a string instead of a boolean. The accepted values are "code", "symbol" or "symbol-narrow".'
,Chrome 128.0.0.0 (Windows 10) WARN: 'Warning: the currency pipe has been changed in Angular v5. The symbolDisplay option (third parameter) is now a string instead of a boolean. The accepted values are "code", "symbol" or "symbol-narrow".'
,Chrome 128.0.0.0 (Windows 10) WARN: 'Warning: the currency pipe has been changed in Angular v5. The symbolDisplay option (third parameter) is now a string instead of a boolean. The accepted values are "code", "symbol" or "symbol-narrow".'
,Chrome 128.0.0.0 (Windows 10) WARN: 'Warning: the currency pipe has been changed in Angular v5. The symbolDisplay option (third parameter) is now a string instead of a boolean. The accepted values are "code", "symbol" or "symbol-narrow".'
,Chrome 128.0.0.0 (Windows 10) WARN: 'Warning: the currency pipe has been changed in Angular v5. The symbolDisplay option (third parameter) is now a string instead of a boolean. The accepted values are "code", "symbol" or "symbol-narrow".'
,Chrome 128.0.0.0 (Windows 10) WARN: 'Warning: the currency pipe has been changed in Angular v5. The symbolDisplay option (third parameter) is now a string instead of a boolean. The accepted values are "code", "symbol" or "symbol-narrow".'
,Chrome 128.0.0.0 (Windows 10) WARN: 'Warning: the currency pipe has been changed in Angular v5. The symbolDisplay option (third parameter) is now a string instead of a boolean. The accepted values are "code", "symbol" or "symbol-narrow".'
,Chrome 128.0.0.0 (Windows 10) WARN: 'Warning: the currency pipe has been changed in Angular v5. The symbolDisplay option (third parameter) is now a string instead of a boolean. The accepted values are "code", "symbol" or "symbol-narrow".'
,Chrome 128.0.0.0 (Windows 10) WARN: 'Warning: the currency pipe has been changed in Angular v5. The symbolDisplay option (third parameter) is now a string instead of a boolean. The accepted values are "code", "symbol" or "symbol-narrow".'
,Chrome 128.0.0.0 (Windows 10) WARN: 'Warning: the currency pipe has been changed in Angular v5. The symbolDisplay option (third parameter) is now a string instead of a boolean. The accepted values are "code", "symbol" or "symbol-narrow".'
,Chrome 128.0.0.0 (Windows 10) WARN: 'Warning: the currency pipe has been changed in Angular v5. The symbolDisplay option (third parameter) is now a string instead of a boolean. The accepted values are "code", "symbol" or "symbol-narrow".'
,Chrome 128.0.0.0 (Windows 10) WARN: 'Warning: the currency pipe has been changed in Angular v5. The symbolDisplay option (third parameter) is now a string instead of a boolean. The accepted values are "code", "symbol" or "symbol-narrow".'
,Chrome 128.0.0.0 (Windows 10) WARN: 'Warning: the currency pipe has been changed in Angular v5. The symbolDisplay option (third parameter) is now a string instead of a boolean. The accepted values are "code", "symbol" or "symbol-narrow".'
,Chrome 128.0.0.0 (Windows 10) WARN: 'Warning: the currency pipe has been changed in Angular v5. The symbolDisplay option (third parameter) is now a string instead of a boolean. The accepted values are "code", "symbol" or "symbol-narrow".'
,Chrome 128.0.0.0 (Windows 10) WARN: 'Warning: the currency pipe has been changed in Angular v5. The symbolDisplay option (third parameter) is now a string instead of a boolean. The accepted values are "code", "symbol" or "symbol-narrow".'
,Chrome 128.0.0.0 (Windows 10) WARN: 'Warning: the currency pipe has been changed in Angular v5. The symbolDisplay option (third parameter) is now a string instead of a boolean. The accepted values are "code", "symbol" or "symbol-narrow".'
,Chrome 128.0.0.0 (Windows 10) WARN: 'Warning: the currency pipe has been changed in Angular v5. The symbolDisplay option (third parameter) is now a string instead of a boolean. The accepted values are "code", "symbol" or "symbol-narrow".'
,Chrome 128.0.0.0 (Windows 10) WARN: 'Warning: the currency pipe has been changed in Angular v5. The symbolDisplay option (third parameter) is now a string instead of a boolean. The accepted values are "code", "symbol" or "symbol-narrow".'
,Chrome 128.0.0.0 (Windows 10) WARN: 'Warning: the currency pipe has been changed in Angular v5. The symbolDisplay option (third parameter) is now a string instead of a boolean. The accepted values are "code", "symbol" or "symbol-narrow".'
,Chrome 128.0.0.0 (Windows 10) WARN: 'Warning: the currency pipe has been changed in Angular v5. The symbolDisplay option (third parameter) is now a string instead of a boolean. The accepted values are "code", "symbol" or "symbol-narrow".'
,Chrome 128.0.0.0 (Windows 10) WARN: 'Warning: the currency pipe has been changed in Angular v5. The symbolDisplay option (third parameter) is now a string instead of a boolean. The accepted values are "code", "symbol" or "symbol-narrow".'
,Chrome 128.0.0.0 (Windows 10) WARN: 'Warning: the currency pipe has been changed in Angular v5. The symbolDisplay option (third parameter) is now a string instead of a boolean. The accepted values are "code", "symbol" or "symbol-narrow".'
,Chrome 128.0.0.0 (Windows 10) WARN: 'Warning: the currency pipe has been changed in Angular v5. The symbolDisplay option (third parameter) is now a string instead of a boolean. The accepted values are "code", "symbol" or "symbol-narrow".'
,Chrome 128.0.0.0 (Windows 10) WARN: 'Warning: the currency pipe has been changed in Angular v5. The symbolDisplay option (third parameter) is now a string instead of a boolean. The accepted values are "code", "symbol" or "symbol-narrow".'
,Chrome 128.0.0.0 (Windows 10) LOG: [Object{id: 'f95572a3-2e15-458a-8b7f-cfe925a822a4', name: 'arstechnica.com', expiration: '01/15/2026', auto_renew: true, domain_privacy: false, renewal_price: 96.17}]
,Chrome 128.0.0.0 (Windows 10) WARN: 'Warning: the currency pipe has been changed in Angular v5. The symbolDisplay option (third parameter) is now a string instead of a boolean. The accepted values are "code", "symbol" or "symbol-narrow".'
,Chrome 128.0.0.0 (Windows 10) WARN: 'Warning: the currency pipe has been changed in Angular v5. The symbolDisplay option (third parameter) is now a string instead of a boolean. The accepted values are "code", "symbol" or "symbol-narrow".'
,Chrome 128.0.0.0 (Windows 10) WARN: 'Warning: the currency pipe has been changed in Angular v5. The symbolDisplay option (third parameter) is now a string instead of a boolean. The accepted values are "code", "symbol" or "symbol-narrow".'
,Chrome 128.0.0.0 (Windows 10) WARN: 'Warning: the currency pipe has been changed in Angular v5. The symbolDisplay option (third parameter) is now a string instead of a boolean. The accepted values are "code", "symbol" or "symbol-narrow".'
,Chrome 128.0.0.0 (Windows 10) WARN: 'Warning: the currency pipe has been changed in Angular v5. The symbolDisplay option (third parameter) is now a string instead of a boolean. The accepted values are "code", "symbol" or "symbol-narrow".'
,Chrome 128.0.0.0 (Windows 10) WARN: 'Warning: the currency pipe has been changed in Angular v5. The symbolDisplay option (third parameter) is now a string instead of a boolean. The accepted values are "code", "symbol" or "symbol-narrow".'
,Chrome 128.0.0.0 (Windows 10) WARN: 'Warning: the currency pipe has been changed in Angular v5. The symbolDisplay option (third parameter) is now a string instead of a boolean. The accepted values are "code", "symbol" or "symbol-narrow".'
,Chrome 128.0.0.0 (Windows 10) WARN: 'Warning: the currency pipe has been changed in Angular v5. The symbolDisplay option (third parameter) is now a string instead of a boolean. The accepted values are "code", "symbol" or "symbol-narrow".'
,Chrome 128.0.0.0 (Windows 10) WARN: 'Warning: the currency pipe has been changed in Angular v5. The symbolDisplay option (third parameter) is now a string instead of a boolean. The accepted values are "code", "symbol" or "symbol-narrow".'
,Chrome 128.0.0.0 (Windows 10) WARN: 'Warning: the currency pipe has been changed in Angular v5. The symbolDisplay option (third parameter) is now a string instead of a boolean. The accepted values are "code", "symbol" or "symbol-narrow".'
,Chrome 128.0.0.0 (Windows 10) WARN: 'Warning: the currency pipe has been changed in Angular v5. The symbolDisplay option (third parameter) is now a string instead of a boolean. The accepted values are "code", "symbol" or "symbol-narrow".'
,Chrome 128.0.0.0 (Windows 10) WARN: 'Warning: the currency pipe has been changed in Angular v5. The symbolDisplay option (third parameter) is now a string instead of a boolean. The accepted values are "code", "symbol" or "symbol-narrow".'
,Chrome 128.0.0.0 (Windows 10) WARN: 'Warning: the currency pipe has been changed in Angular v5. The symbolDisplay option (third parameter) is now a string instead of a boolean. The accepted values are "code", "symbol" or "symbol-narrow".'
,Chrome 128.0.0.0 (Windows 10) LOG: [Object{id: 'e9c32300-8ed7-47b3-bcb7-2ae6b65521c7', name: 'cargocollective.com', expiration: '12/28/2025', auto_renew: true, domain_privacy: false, renewal_price: 76.33}]
,Chrome 128.0.0.0 (Windows 10) WARN: 'Warning: the currency pipe has been changed in Angular v5. The symbolDisplay option (third parameter) is now a string instead of a boolean. The accepted values are "code", "symbol" or "symbol-narrow".'
,Chrome 128.0.0.0 (Windows 10) WARN: 'Warning: the currency pipe has been changed in Angular v5. The symbolDisplay option (third parameter) is now a string instead of a boolean. The accepted values are "code", "symbol" or "symbol-narrow".'
,Chrome 128.0.0.0 (Windows 10) WARN: 'Warning: the currency pipe has been changed in Angular v5. The symbolDisplay option (third parameter) is now a string instead of a boolean. The accepted values are "code", "symbol" or "symbol-narrow".'
,Chrome 128.0.0.0 (Windows 10) WARN: 'Warning: the currency pipe has been changed in Angular v5. The symbolDisplay option (third parameter) is now a string instead of a boolean. The accepted values are "code", "symbol" or "symbol-narrow".'
,Chrome 128.0.0.0 (Windows 10) WARN: 'Warning: the currency pipe has been changed in Angular v5. The symbolDisplay option (third parameter) is now a string instead of a boolean. The accepted values are "code", "symbol" or "symbol-narrow".'
,Chrome 128.0.0.0 (Windows 10) WARN: 'Warning: the currency pipe has been changed in Angular v5. The symbolDisplay option (third parameter) is now a string instead of a boolean. The accepted values are "code", "symbol" or "symbol-narrow".'
,Chrome 128.0.0.0 (Windows 10) WARN: 'Warning: the currency pipe has been changed in Angular v5. The symbolDisplay option (third parameter) is now a string instead of a boolean. The accepted values are "code", "symbol" or "symbol-narrow".'
,Chrome 128.0.0.0 (Windows 10) WARN: 'Warning: the currency pipe has been changed in Angular v5. The symbolDisplay option (third parameter) is now a string instead of a boolean. The accepted values are "code", "symbol" or "symbol-narrow".'
,Chrome 128.0.0.0 (Windows 10) WARN: 'Warning: the currency pipe has been changed in Angular v5. The symbolDisplay option (third parameter) is now a string instead of a boolean. The accepted values are "code", "symbol" or "symbol-narrow".'
,Chrome 128.0.0.0 (Windows 10) WARN: 'Warning: the currency pipe has been changed in Angular v5. The symbolDisplay option (third parameter) is now a string instead of a boolean. The accepted values are "code", "symbol" or "symbol-narrow".'
,Chrome 128.0.0.0 (Windows 10) WARN: 'Warning: the currency pipe has been changed in Angular v5. The symbolDisplay option (third parameter) is now a string instead of a boolean. The accepted values are "code", "symbol" or "symbol-narrow".'
,Chrome 128.0.0.0 (Windows 10) WARN: 'Warning: the currency pipe has been changed in Angular v5. The symbolDisplay option (third parameter) is now a string instead of a boolean. The accepted values are "code", "symbol" or "symbol-narrow".'
,Chrome 128.0.0.0 (Windows 10) WARN: 'Warning: the currency pipe has been changed in Angular v5. The symbolDisplay option (third parameter) is now a string instead of a boolean. The accepted values are "code", "symbol" or "symbol-narrow".'
,Chrome 128.0.0.0 (Windows 10) LOG: [Object{id: 'e8b14513-39b7-447a-ba60-a1d5a42c2bd8', name: 'micronj.com', expiration: '05/26/2023', auto_renew: false, domain_privacy: false, renewal_price: 87.34}]
,Chrome 128.0.0.0 (Windows 10) WARN: 'Warning: the currency pipe has been changed in Angular v5. The symbolDisplay option (third parameter) is now a string instead of a boolean. The accepted values are "code", "symbol" or "symbol-narrow".'
,Chrome 128.0.0.0 (Windows 10) WARN: 'Warning: the currency pipe has been changed in Angular v5. The symbolDisplay option (third parameter) is now a string instead of a boolean. The accepted values are "code", "symbol" or "symbol-narrow".'
,Chrome 128.0.0.0 (Windows 10) WARN: 'Warning: the currency pipe has been changed in Angular v5. The symbolDisplay option (third parameter) is now a string instead of a boolean. The accepted values are "code", "symbol" or "symbol-narrow".'
,Chrome 128.0.0.0 (Windows 10) WARN: 'Warning: the currency pipe has been changed in Angular v5. The symbolDisplay option (third parameter) is now a string instead of a boolean. The accepted values are "code", "symbol" or "symbol-narrow".'
,Chrome 128.0.0.0 (Windows 10) WARN: 'Warning: the currency pipe has been changed in Angular v5. The symbolDisplay option (third parameter) is now a string instead of a boolean. The accepted values are "code", "symbol" or "symbol-narrow".'
,Chrome 128.0.0.0 (Windows 10) WARN: 'Warning: the currency pipe has been changed in Angular v5. The symbolDisplay option (third parameter) is now a string instead of a boolean. The accepted values are "code", "symbol" or "symbol-narrow".'
,Chrome 128.0.0.0 (Windows 10) WARN: 'Warning: the currency pipe has been changed in Angular v5. The symbolDisplay option (third parameter) is now a string instead of a boolean. The accepted values are "code", "symbol" or "symbol-narrow".'
,Chrome 128.0.0.0 (Windows 10) WARN: 'Warning: the currency pipe has been changed in Angular v5. The symbolDisplay option (third parameter) is now a string instead of a boolean. The accepted values are "code", "symbol" or "symbol-narrow".'
,Chrome 128.0.0.0 (Windows 10) WARN: 'Warning: the currency pipe has been changed in Angular v5. The symbolDisplay option (third parameter) is now a string instead of a boolean. The accepted values are "code", "symbol" or "symbol-narrow".'
,Chrome 128.0.0.0 (Windows 10) WARN: 'Warning: the currency pipe has been changed in Angular v5. The symbolDisplay option (third parameter) is now a string instead of a boolean. The accepted values are "code", "symbol" or "symbol-narrow".'
,Chrome 128.0.0.0 (Windows 10) WARN: 'Warning: the currency pipe has been changed in Angular v5. The symbolDisplay option (third parameter) is now a string instead of a boolean. The accepted values are "code", "symbol" or "symbol-narrow".'
,Chrome 128.0.0.0 (Windows 10) WARN: 'Warning: the currency pipe has been changed in Angular v5. The symbolDisplay option (third parameter) is now a string instead of a boolean. The accepted values are "code", "symbol" or "symbol-narrow".'
,Chrome 128.0.0.0 (Windows 10) WARN: 'Warning: the currency pipe has been changed in Angular v5. The symbolDisplay option (third parameter) is now a string instead of a boolean. The accepted values are "code", "symbol" or "symbol-narrow".'
,Chrome 128.0.0.0 (Windows 10) LOG: [Object{id: '3f13c2d6-b086-4d45-b8c6-7f1093811791', name: 'devhub.com', expiration: '12/01/2025', auto_renew: true, domain_privacy: true, renewal_price: 91.61}]
,Chrome 128.0.0.0 (Windows 10) WARN: 'Warning: the currency pipe has been changed in Angular v5. The symbolDisplay option (third parameter) is now a string instead of a boolean. The accepted values are "code", "symbol" or "symbol-narrow".'
,Chrome 128.0.0.0 (Windows 10) WARN: 'Warning: the currency pipe has been changed in Angular v5. The symbolDisplay option (third parameter) is now a string instead of a boolean. The accepted values are "code", "symbol" or "symbol-narrow".'
,Chrome 128.0.0.0 (Windows 10) WARN: 'Warning: the currency pipe has been changed in Angular v5. The symbolDisplay option (third parameter) is now a string instead of a boolean. The accepted values are "code", "symbol" or "symbol-narrow".'
,Chrome 128.0.0.0 (Windows 10) WARN: 'Warning: the currency pipe has been changed in Angular v5. The symbolDisplay option (third parameter) is now a string instead of a boolean. The accepted values are "code", "symbol" or "symbol-narrow".'
,Chrome 128.0.0.0 (Windows 10) WARN: 'Warning: the currency pipe has been changed in Angular v5. The symbolDisplay option (third parameter) is now a string instead of a boolean. The accepted values are "code", "symbol" or "symbol-narrow".'
,Chrome 128.0.0.0 (Windows 10) WARN: 'Warning: the currency pipe has been changed in Angular v5. The symbolDisplay option (third parameter) is now a string instead of a boolean. The accepted values are "code", "symbol" or "symbol-narrow".'
,Chrome 128.0.0.0 (Windows 10) WARN: 'Warning: the currency pipe has been changed in Angular v5. The symbolDisplay option (third parameter) is now a string instead of a boolean. The accepted values are "code", "symbol" or "symbol-narrow".'
,Chrome 128.0.0.0 (Windows 10) WARN: 'Warning: the currency pipe has been changed in Angular v5. The symbolDisplay option (third parameter) is now a string instead of a boolean. The accepted values are "code", "symbol" or "symbol-narrow".'
,Chrome 128.0.0.0 (Windows 10) WARN: 'Warning: the currency pipe has been changed in Angular v5. The symbolDisplay option (third parameter) is now a string instead of a boolean. The accepted values are "code", "symbol" or "symbol-narrow".'
,Chrome 128.0.0.0 (Windows 10) WARN: 'Warning: the currency pipe has been changed in Angular v5. The symbolDisplay option (third parameter) is now a string instead of a boolean. The accepted values are "code", "symbol" or "symbol-narrow".'
,Chrome 128.0.0.0 (Windows 10) WARN: 'Warning: the currency pipe has been changed in Angular v5. The symbolDisplay option (third parameter) is now a string instead of a boolean. The accepted values are "code", "symbol" or "symbol-narrow".'
,Chrome 128.0.0.0 (Windows 10) WARN: 'Warning: the currency pipe has been changed in Angular v5. The symbolDisplay option (third parameter) is now a string instead of a boolean. The accepted values are "code", "symbol" or "symbol-narrow".'
,Chrome 128.0.0.0 (Windows 10) WARN: 'Warning: the currency pipe has been changed in Angular v5. The symbolDisplay option (third parameter) is now a string instead of a boolean. The accepted values are "code", "symbol" or "symbol-narrow".'
,Chrome 128.0.0.0 (Windows 10) LOG: [Object{id: '3bc108ae-0afc-499c-8fba-19ca405af858', name: 'comcast.net', expiration: '04/16/2025', auto_renew: false, domain_privacy: false, renewal_price: 73.21}]
,Chrome 128.0.0.0 (Windows 10) WARN: 'Warning: the currency pipe has been changed in Angular v5. The symbolDisplay option (third parameter) is now a string instead of a boolean. The accepted values are "code", "symbol" or "symbol-narrow".'
,Chrome 128.0.0.0 (Windows 10) WARN: 'Warning: the currency pipe has been changed in Angular v5. The symbolDisplay option (third parameter) is now a string instead of a boolean. The accepted values are "code", "symbol" or "symbol-narrow".'
,Chrome 128.0.0.0 (Windows 10) WARN: 'Warning: the currency pipe has been changed in Angular v5. The symbolDisplay option (third parameter) is now a string instead of a boolean. The accepted values are "code", "symbol" or "symbol-narrow".'
,Chrome 128.0.0.0 (Windows 10) WARN: 'Warning: the currency pipe has been changed in Angular v5. The symbolDisplay option (third parameter) is now a string instead of a boolean. The accepted values are "code", "symbol" or "symbol-narrow".'
,Chrome 128.0.0.0 (Windows 10) WARN: 'Warning: the currency pipe has been changed in Angular v5. The symbolDisplay option (third parameter) is now a string instead of a boolean. The accepted values are "code", "symbol" or "symbol-narrow".'
,Chrome 128.0.0.0 (Windows 10) WARN: 'Warning: the currency pipe has been changed in Angular v5. The symbolDisplay option (third parameter) is now a string instead of a boolean. The accepted values are "code", "symbol" or "symbol-narrow".'
,Chrome 128.0.0.0 (Windows 10) WARN: 'Warning: the currency pipe has been changed in Angular v5. The symbolDisplay option (third parameter) is now a string instead of a boolean. The accepted values are "code", "symbol" or "symbol-narrow".'
,Chrome 128.0.0.0 (Windows 10) WARN: 'Warning: the currency pipe has been changed in Angular v5. The symbolDisplay option (third parameter) is now a string instead of a boolean. The accepted values are "code", "symbol" or "symbol-narrow".'
,Chrome 128.0.0.0 (Windows 10) WARN: 'Warning: the currency pipe has been changed in Angular v5. The symbolDisplay option (third parameter) is now a string instead of a boolean. The accepted values are "code", "symbol" or "symbol-narrow".'
,Chrome 128.0.0.0 (Windows 10) WARN: 'Warning: the currency pipe has been changed in Angular v5. The symbolDisplay option (third parameter) is now a string instead of a boolean. The accepted values are "code", "symbol" or "symbol-narrow".'
,Chrome 128.0.0.0 (Windows 10) WARN: 'Warning: the currency pipe has been changed in Angular v5. The symbolDisplay option (third parameter) is now a string instead of a boolean. The accepted values are "code", "symbol" or "symbol-narrow".'
,Chrome 128.0.0.0 (Windows 10) WARN: 'Warning: the currency pipe has been changed in Angular v5. The symbolDisplay option (third parameter) is now a string instead of a boolean. The accepted values are "code", "symbol" or "symbol-narrow".'
,Chrome 128.0.0.0 (Windows 10) WARN: 'Warning: the currency pipe has been changed in Angular v5. The symbolDisplay option (third parameter) is now a string instead of a boolean. The accepted values are "code", "symbol" or "symbol-narrow".'
,Chrome 128.0.0.0 (Windows 10) LOG: [Object{id: '669b67ee-2cf9-4963-8ea7-052fdf743015', name: 'mail.io', expiration: '12/30/2025', auto_renew: true, domain_privacy: false, renewal_price: 41.08}]
,Chrome 128.0.0.0 (Windows 10) WARN: 'Warning: the currency pipe has been changed in Angular v5. The symbolDisplay option (third parameter) is now a string instead of a boolean. The accepted values are "code", "symbol" or "symbol-narrow".'
,Chrome 128.0.0.0 (Windows 10) WARN: 'Warning: the currency pipe has been changed in Angular v5. The symbolDisplay option (third parameter) is now a string instead of a boolean. The accepted values are "code", "symbol" or "symbol-narrow".'
,Chrome 128.0.0.0 (Windows 10) WARN: 'Warning: the currency pipe has been changed in Angular v5. The symbolDisplay option (third parameter) is now a string instead of a boolean. The accepted values are "code", "symbol" or "symbol-narrow".'
,Chrome 128.0.0.0 (Windows 10) WARN: 'Warning: the currency pipe has been changed in Angular v5. The symbolDisplay option (third parameter) is now a string instead of a boolean. The accepted values are "code", "symbol" or "symbol-narrow".'
,Chrome 128.0.0.0 (Windows 10) WARN: 'Warning: the currency pipe has been changed in Angular v5. The symbolDisplay option (third parameter) is now a string instead of a boolean. The accepted values are "code", "symbol" or "symbol-narrow".'
,Chrome 128.0.0.0 (Windows 10) WARN: 'Warning: the currency pipe has been changed in Angular v5. The symbolDisplay option (third parameter) is now a string instead of a boolean. The accepted values are "code", "symbol" or "symbol-narrow".'
,Chrome 128.0.0.0 (Windows 10) WARN: 'Warning: the currency pipe has been changed in Angular v5. The symbolDisplay option (third parameter) is now a string instead of a boolean. The accepted values are "code", "symbol" or "symbol-narrow".'
,Chrome 128.0.0.0 (Windows 10) WARN: 'Warning: the currency pipe has been changed in Angular v5. The symbolDisplay option (third parameter) is now a string instead of a boolean. The accepted values are "code", "symbol" or "symbol-narrow".'
,Chrome 128.0.0.0 (Windows 10) WARN: 'Warning: the currency pipe has been changed in Angular v5. The symbolDisplay option (third parameter) is now a string instead of a boolean. The accepted values are "code", "symbol" or "symbol-narrow".'
,Chrome 128.0.0.0 (Windows 10) WARN: 'Warning: the currency pipe has been changed in Angular v5. The symbolDisplay option (third parameter) is now a string instead of a boolean. The accepted values are "code", "symbol" or "symbol-narrow".'
,Chrome 128.0.0.0 (Windows 10) WARN: 'Warning: the currency pipe has been changed in Angular v5. The symbolDisplay option (third parameter) is now a string instead of a boolean. The accepted values are "code", "symbol" or "symbol-narrow".'
,Chrome 128.0.0.0 (Windows 10) WARN: 'Warning: the currency pipe has been changed in Angular v5. The symbolDisplay option (third parameter) is now a string instead of a boolean. The accepted values are "code", "symbol" or "symbol-narrow".'
,Chrome 128.0.0.0 (Windows 10) WARN: 'Warning: the currency pipe has been changed in Angular v5. The symbolDisplay option (third parameter) is now a string instead of a boolean. The accepted values are "code", "symbol" or "symbol-narrow".'
,Chrome 128.0.0.0 (Windows 10) LOG: [Object{id: '53404ac6-849b-42fc-87b7-77e2c25dd495', name: 'olh.com.au', expiration: '01/23/2025', auto_renew: true, domain_privacy: false, renewal_price: 99.37}]
,Chrome 128.0.0.0 (Windows 10) WARN: 'Warning: the currency pipe has been changed in Angular v5. The symbolDisplay option (third parameter) is now a string instead of a boolean. The accepted values are "code", "symbol" or "symbol-narrow".'
,Chrome 128.0.0.0 (Windows 10) WARN: 'Warning: the currency pipe has been changed in Angular v5. The symbolDisplay option (third parameter) is now a string instead of a boolean. The accepted values are "code", "symbol" or "symbol-narrow".'
,Chrome 128.0.0.0 (Windows 10) WARN: 'Warning: the currency pipe has been changed in Angular v5. The symbolDisplay option (third parameter) is now a string instead of a boolean. The accepted values are "code", "symbol" or "symbol-narrow".'
,Chrome 128.0.0.0 (Windows 10) WARN: 'Warning: the currency pipe has been changed in Angular v5. The symbolDisplay option (third parameter) is now a string instead of a boolean. The accepted values are "code", "symbol" or "symbol-narrow".'
,Chrome 128.0.0.0 (Windows 10) WARN: 'Warning: the currency pipe has been changed in Angular v5. The symbolDisplay option (third parameter) is now a string instead of a boolean. The accepted values are "code", "symbol" or "symbol-narrow".'
,Chrome 128.0.0.0 (Windows 10) WARN: 'Warning: the currency pipe has been changed in Angular v5. The symbolDisplay option (third parameter) is now a string instead of a boolean. The accepted values are "code", "symbol" or "symbol-narrow".'
,Chrome 128.0.0.0 (Windows 10) WARN: 'Warning: the currency pipe has been changed in Angular v5. The symbolDisplay option (third parameter) is now a string instead of a boolean. The accepted values are "code", "symbol" or "symbol-narrow".'
,Chrome 128.0.0.0 (Windows 10) WARN: 'Warning: the currency pipe has been changed in Angular v5. The symbolDisplay option (third parameter) is now a string instead of a boolean. The accepted values are "code", "symbol" or "symbol-narrow".'
,Chrome 128.0.0.0 (Windows 10) WARN: 'Warning: the currency pipe has been changed in Angular v5. The symbolDisplay option (third parameter) is now a string instead of a boolean. The accepted values are "code", "symbol" or "symbol-narrow".'
,Chrome 128.0.0.0 (Windows 10) WARN: 'Warning: the currency pipe has been changed in Angular v5. The symbolDisplay option (third parameter) is now a string instead of a boolean. The accepted values are "code", "symbol" or "symbol-narrow".'
,Chrome 128.0.0.0 (Windows 10) WARN: 'Warning: the currency pipe has been changed in Angular v5. The symbolDisplay option (third parameter) is now a string instead of a boolean. The accepted values are "code", "symbol" or "symbol-narrow".'
,Chrome 128.0.0.0 (Windows 10) WARN: 'Warning: the currency pipe has been changed in Angular v5. The symbolDisplay option (third parameter) is now a string instead of a boolean. The accepted values are "code", "symbol" or "symbol-narrow".'
,Chrome 128.0.0.0 (Windows 10) WARN: 'Warning: the currency pipe has been changed in Angular v5. The symbolDisplay option (third parameter) is now a string instead of a boolean. The accepted values are "code", "symbol" or "symbol-narrow".'
,Chrome 128.0.0.0 (Windows 10) LOG: [Object{id: 'eda3708d-02f0-4376-8a7f-38376b3d9753', name: 'gle.com', expiration: '09/30/2023', auto_renew: false, domain_privacy: false, renewal_price: 50.01}]
,Chrome 128.0.0.0 (Windows 10) WARN: 'Warning: the currency pipe has been changed in Angular v5. The symbolDisplay option (third parameter) is now a string instead of a boolean. The accepted values are "code", "symbol" or "symbol-narrow".'
,Chrome 128.0.0.0 (Windows 10) WARN: 'Warning: the currency pipe has been changed in Angular v5. The symbolDisplay option (third parameter) is now a string instead of a boolean. The accepted values are "code", "symbol" or "symbol-narrow".'
,Chrome 128.0.0.0 (Windows 10) WARN: 'Warning: the currency pipe has been changed in Angular v5. The symbolDisplay option (third parameter) is now a string instead of a boolean. The accepted values are "code", "symbol" or "symbol-narrow".'
,Chrome 128.0.0.0 (Windows 10) WARN: 'Warning: the currency pipe has been changed in Angular v5. The symbolDisplay option (third parameter) is now a string instead of a boolean. The accepted values are "code", "symbol" or "symbol-narrow".'
,Chrome 128.0.0.0 (Windows 10) WARN: 'Warning: the currency pipe has been changed in Angular v5. The symbolDisplay option (third parameter) is now a string instead of a boolean. The accepted values are "code", "symbol" or "symbol-narrow".'
,Chrome 128.0.0.0 (Windows 10) WARN: 'Warning: the currency pipe has been changed in Angular v5. The symbolDisplay option (third parameter) is now a string instead of a boolean. The accepted values are "code", "symbol" or "symbol-narrow".'
,Chrome 128.0.0.0 (Windows 10) WARN: 'Warning: the currency pipe has been changed in Angular v5. The symbolDisplay option (third parameter) is now a string instead of a boolean. The accepted values are "code", "symbol" or "symbol-narrow".'
,Chrome 128.0.0.0 (Windows 10) WARN: 'Warning: the currency pipe has been changed in Angular v5. The symbolDisplay option (third parameter) is now a string instead of a boolean. The accepted values are "code", "symbol" or "symbol-narrow".'
,Chrome 128.0.0.0 (Windows 10) WARN: 'Warning: the currency pipe has been changed in Angular v5. The symbolDisplay option (third parameter) is now a string instead of a boolean. The accepted values are "code", "symbol" or "symbol-narrow".'
,Chrome 128.0.0.0 (Windows 10) WARN: 'Warning: the currency pipe has been changed in Angular v5. The symbolDisplay option (third parameter) is now a string instead of a boolean. The accepted values are "code", "symbol" or "symbol-narrow".'
,Chrome 128.0.0.0 (Windows 10) WARN: 'Warning: the currency pipe has been changed in Angular v5. The symbolDisplay option (third parameter) is now a string instead of a boolean. The accepted values are "code", "symbol" or "symbol-narrow".'
,Chrome 128.0.0.0 (Windows 10) WARN: 'Warning: the currency pipe has been changed in Angular v5. The symbolDisplay option (third parameter) is now a string instead of a boolean. The accepted values are "code", "symbol" or "symbol-narrow".'
,Chrome 128.0.0.0 (Windows 10) WARN: 'Warning: the currency pipe has been changed in Angular v5. The symbolDisplay option (third parameter) is now a string instead of a boolean. The accepted values are "code", "symbol" or "symbol-narrow".'
,Chrome 128.0.0.0 (Windows 10) LOG: [Object{id: '3c063abf-0ee3-4809-a93e-fab18e071639', name: 'usnews.com', expiration: '02/22/2024', auto_renew: false, domain_privacy: true, renewal_price: 35.13}]
,Chrome 128.0.0.0 (Windows 10) WARN: 'Warning: the currency pipe has been changed in Angular v5. The symbolDisplay option (third parameter) is now a string instead of a boolean. The accepted values are "code", "symbol" or "symbol-narrow".'
,Chrome 128.0.0.0 (Windows 10) WARN: 'Warning: the currency pipe has been changed in Angular v5. The symbolDisplay option (third parameter) is now a string instead of a boolean. The accepted values are "code", "symbol" or "symbol-narrow".'
,Chrome 128.0.0.0 (Windows 10) WARN: 'Warning: the currency pipe has been changed in Angular v5. The symbolDisplay option (third parameter) is now a string instead of a boolean. The accepted values are "code", "symbol" or "symbol-narrow".'
,Chrome 128.0.0.0 (Windows 10) WARN: 'Warning: the currency pipe has been changed in Angular v5. The symbolDisplay option (third parameter) is now a string instead of a boolean. The accepted values are "code", "symbol" or "symbol-narrow".'
,Chrome 128.0.0.0 (Windows 10) WARN: 'Warning: the currency pipe has been changed in Angular v5. The symbolDisplay option (third parameter) is now a string instead of a boolean. The accepted values are "code", "symbol" or "symbol-narrow".'
,Chrome 128.0.0.0 (Windows 10) WARN: 'Warning: the currency pipe has been changed in Angular v5. The symbolDisplay option (third parameter) is now a string instead of a boolean. The accepted values are "code", "symbol" or "symbol-narrow".'
,Chrome 128.0.0.0 (Windows 10) WARN: 'Warning: the currency pipe has been changed in Angular v5. The symbolDisplay option (third parameter) is now a string instead of a boolean. The accepted values are "code", "symbol" or "symbol-narrow".'
,Chrome 128.0.0.0 (Windows 10) WARN: 'Warning: the currency pipe has been changed in Angular v5. The symbolDisplay option (third parameter) is now a string instead of a boolean. The accepted values are "code", "symbol" or "symbol-narrow".'
,Chrome 128.0.0.0 (Windows 10) WARN: 'Warning: the currency pipe has been changed in Angular v5. The symbolDisplay option (third parameter) is now a string instead of a boolean. The accepted values are "code", "symbol" or "symbol-narrow".'
,Chrome 128.0.0.0 (Windows 10) WARN: 'Warning: the currency pipe has been changed in Angular v5. The symbolDisplay option (third parameter) is now a string instead of a boolean. The accepted values are "code", "symbol" or "symbol-narrow".'
,Chrome 128.0.0.0 (Windows 10) WARN: 'Warning: the currency pipe has been changed in Angular v5. The symbolDisplay option (third parameter) is now a string instead of a boolean. The accepted values are "code", "symbol" or "symbol-narrow".'
,Chrome 128.0.0.0 (Windows 10) WARN: 'Warning: the currency pipe has been changed in Angular v5. The symbolDisplay option (third parameter) is now a string instead of a boolean. The accepted values are "code", "symbol" or "symbol-narrow".'
,Chrome 128.0.0.0 (Windows 10) WARN: 'Warning: the currency pipe has been changed in Angular v5. The symbolDisplay option (third parameter) is now a string instead of a boolean. The accepted values are "code", "symbol" or "symbol-narrow".'
,Chrome 128.0.0.0 (Windows 10) LOG: [Object{id: 'ecff6163-82d9-4394-a292-756012ff074e', name: 'networkadvertising.org', expiration: '09/29/2023', auto_renew: false, domain_privacy: false, renewal_price: 53.46}]
,Chrome 128.0.0.0 (Windows 10) WARN: '[@faker-js/faker]: faker.random.word() is deprecated since v8.0 and will be removed in v9.0. Please use faker.lorem.word() or faker.word.sample() instead.'
,Chrome 128.0.0.0 (Windows 10) WARN: 'Warning: the currency pipe has been changed in Angular v5. The symbolDisplay option (third parameter) is now a string instead of a boolean. The accepted values are "code", "symbol" or "symbol-narrow".'
,Chrome 128.0.0.0 (Windows 10) WARN: 'Warning: the currency pipe has been changed in Angular v5. The symbolDisplay option (third parameter) is now a string instead of a boolean. The accepted values are "code", "symbol" or "symbol-narrow".'
,Chrome 128.0.0.0 (Windows 10) WARN: 'Warning: the currency pipe has been changed in Angular v5. The symbolDisplay option (third parameter) is now a string instead of a boolean. The accepted values are "code", "symbol" or "symbol-narrow".'
,Chrome 128.0.0.0 (Windows 10) WARN: 'Warning: the currency pipe has been changed in Angular v5. The symbolDisplay option (third parameter) is now a string instead of a boolean. The accepted values are "code", "symbol" or "symbol-narrow".'
,Chrome 128.0.0.0 (Windows 10) WARN: 'Warning: the currency pipe has been changed in Angular v5. The symbolDisplay option (third parameter) is now a string instead of a boolean. The accepted values are "code", "symbol" or "symbol-narrow".'
,Chrome 128.0.0.0 (Windows 10) WARN: 'Warning: the currency pipe has been changed in Angular v5. The symbolDisplay option (third parameter) is now a string instead of a boolean. The accepted values are "code", "symbol" or "symbol-narrow".'
,Chrome 128.0.0.0 (Windows 10) WARN: 'Warning: the currency pipe has been changed in Angular v5. The symbolDisplay option (third parameter) is now a string instead of a boolean. The accepted values are "code", "symbol" or "symbol-narrow".'
,Chrome 128.0.0.0 (Windows 10) WARN: 'Warning: the currency pipe has been changed in Angular v5. The symbolDisplay option (third parameter) is now a string instead of a boolean. The accepted values are "code", "symbol" or "symbol-narrow".'
,Chrome 128.0.0.0 (Windows 10) WARN: 'Warning: the currency pipe has been changed in Angular v5. The symbolDisplay option (third parameter) is now a string instead of a boolean. The accepted values are "code", "symbol" or "symbol-narrow".'
,Chrome 128.0.0.0 (Windows 10) WARN: 'Warning: the currency pipe has been changed in Angular v5. The symbolDisplay option (third parameter) is now a string instead of a boolean. The accepted values are "code", "symbol" or "symbol-narrow".'
,Chrome 128.0.0.0 (Windows 10) WARN: 'Warning: the currency pipe has been changed in Angular v5. The symbolDisplay option (third parameter) is now a string instead of a boolean. The accepted values are "code", "symbol" or "symbol-narrow".'
,Chrome 128.0.0.0 (Windows 10) WARN: 'Warning: the currency pipe has been changed in Angular v5. The symbolDisplay option (third parameter) is now a string instead of a boolean. The accepted values are "code", "symbol" or "symbol-narrow".'
,Chrome 128.0.0.0 (Windows 10) WARN: 'Warning: the currency pipe has been changed in Angular v5. The symbolDisplay option (third parameter) is now a string instead of a boolean. The accepted values are "code", "symbol" or "symbol-narrow".'

]]>
  </system-out>
  <system-err/>
</testsuite>